MAP
    NAME "ARK WxS Map"
    IMAGETYPE      PNG24
    EXTENT		   0 0 180 180
    SIZE           600 400
    SHAPEPATH      "PATH TO YOUR MAPPING"
    IMAGECOLOR     250 250 250
    #FONTSET        "PATH TO YOUR font.list"
    DEBUG ON

    WEB

        METADATA
            "wms_name"  "ARK WMS"
            "wms_title" "ARK WMS"
            "wms_onlineresource"    "WEBPATH TO ark_wxs_server.php" 
            "wms_srs"   "EPSG:27700 EPSG:900913 EPSG:4326"
            "wms_feature_info_mime_type" "text/html"
            "wms_server_version" "1.1.1"
            "wfs_name"  "ARK WFS"
            "wfs_title" "ARK WFS"
            "wfs_onlineresource"    "WEBPATH TO ark_wxs_server.php"
            "wfs_srs"   "EPSG:27700 EPSG:900913 EPSG:4326"
            "wfs_server_version" "1.0.0"
        END

        IMAGEPATH 'FULL SERVER PATH TO YOUR TEMP FOLDER'
        IMAGEURL 'RELATIVE PATH TO YOUR TEMP FOLDER'
        MAXSCALE 20000000
        MINSCALE 500

    END

    OUTPUTFORMAT
        NAME "png"
        MIMETYPE "image/png"
        DRIVER "GD/PNG"
        EXTENSION "png"
        IMAGEMODE "RGB"
    END

    PROJECTION
         "init=epsg:4326" #WGS-84
    END

# Start of LAYER DEFINITIONS ---------------------------------------------

    LAYER 
    # cxt_schem
        NAME	"contexts"
        CONNECTION "cxt_schm.shp"
        CONNECTIONTYPE OGR
        TEMPLATE "blank_template"
        GROUP "cor"
        METADATA
            "lyrname"	"Contexts"
            "grpname"	"Contexts"
            "gml_include_items" "all"
            "wms_include_items" "all"
        END
        DUMP TRUE
        SIZEUNITS PIXELS
        STATUS ON
        TOLERANCEUNITS PIXELS
        OFFSITE 0 0 0
        TRANSPARENCY 65
        TOLERANCE 1
        TYPE POLYGON
        UNITS METERS
        LABELITEM "ark_id"
        CLASS
            NAME "Contexts"
            TEXT (Context:[ark_id])
            STYLE
                COLOR 211 211 211
                OUTLINECOLOR 144 144 144
            END
        END
    END

## End of LAYER DEFINITIONS ------------------------------------

END # end of map file
